// Jest Snapshot v1, https://goo.gl/fbAQLP

exports[`Component:Snackbar.jsx Snackbar.jsx renders correctly 1`] = `""`;
